MPLINK 4.38, Linker
Linker Map File - Created Tue Mar 01 17:05:20 2011

                                 Section Info
                  Section       Type    Address   Location Size(Bytes)
                ---------  ---------  ---------  ---------  ---------
                   .org_0       code   0x000000    program   0x000000
                   .org_1       code   0x000000    program   0x0000e8
   .config_2007_TRAFFIC.O       code   0x002007    program   0x000002



                              Program Memory Usage 
                               Start         End      
                           ---------   ---------      
                            0x000000    0x000073      
                            0x002007    0x002007      
            117 out of 4359 program addresses used, program memory utilization is 2%



                              Symbols - Sorted by Name
                     Name    Address   Location    Storage File                     
                ---------  ---------  ---------  --------- ---------                
                    CROSS   0x000039    program     static C:\projects\PIC\traffic\traffic.asm
                 CROSSOFF   0x00003f    program     static C:\projects\PIC\traffic\traffic.asm
                  CROSSON   0x00003d    program     static C:\projects\PIC\traffic\traffic.asm
                 CROSSSET   0x000031    program     static C:\projects\PIC\traffic\traffic.asm
               CROSSUNSET   0x000035    program     static C:\projects\PIC\traffic\traffic.asm
                    DELAY   0x00006c    program     static C:\projects\PIC\traffic\traffic.asm
                DELAYLOOP   0x00006f    program     static C:\projects\PIC\traffic\traffic.asm
                FIVEDELAY   0x000069    program     static C:\projects\PIC\traffic\traffic.asm
                GREEN1OFF   0x000043    program     static C:\projects\PIC\traffic\traffic.asm
                 GREEN1ON   0x000041    program     static C:\projects\PIC\traffic\traffic.asm
                GREEN2OFF   0x00004f    program     static C:\projects\PIC\traffic\traffic.asm
                 GREEN2ON   0x00004d    program     static C:\projects\PIC\traffic\traffic.asm
                  INITIAL   0x000020    program     static C:\projects\PIC\traffic\traffic.asm
                     MAIN   0x000007    program     static C:\projects\PIC\traffic\traffic.asm
                 ONEDELAY   0x000059    program     static C:\projects\PIC\traffic\traffic.asm
                  RED1OFF   0x00004b    program     static C:\projects\PIC\traffic\traffic.asm
                   RED1ON   0x000049    program     static C:\projects\PIC\traffic\traffic.asm
                  RED2OFF   0x000057    program     static C:\projects\PIC\traffic\traffic.asm
                   RED2ON   0x000055    program     static C:\projects\PIC\traffic\traffic.asm
               THREEDELAY   0x000066    program     static C:\projects\PIC\traffic\traffic.asm
                 TWODELAY   0x000063    program     static C:\projects\PIC\traffic\traffic.asm
               YELLOW1OFF   0x000047    program     static C:\projects\PIC\traffic\traffic.asm
                YELLOW1ON   0x000045    program     static C:\projects\PIC\traffic\traffic.asm
               YELLOW2OFF   0x000053    program     static C:\projects\PIC\traffic\traffic.asm
                YELLOW2ON   0x000051    program     static C:\projects\PIC\traffic\traffic.asm



                              Symbols - Sorted by Address
                     Name    Address   Location    Storage File                     
                ---------  ---------  ---------  --------- ---------                
                     MAIN   0x000007    program     static C:\projects\PIC\traffic\traffic.asm
                  INITIAL   0x000020    program     static C:\projects\PIC\traffic\traffic.asm
                 CROSSSET   0x000031    program     static C:\projects\PIC\traffic\traffic.asm
               CROSSUNSET   0x000035    program     static C:\projects\PIC\traffic\traffic.asm
                    CROSS   0x000039    program     static C:\projects\PIC\traffic\traffic.asm
                  CROSSON   0x00003d    program     static C:\projects\PIC\traffic\traffic.asm
                 CROSSOFF   0x00003f    program     static C:\projects\PIC\traffic\traffic.asm
                 GREEN1ON   0x000041    program     static C:\projects\PIC\traffic\traffic.asm
                GREEN1OFF   0x000043    program     static C:\projects\PIC\traffic\traffic.asm
                YELLOW1ON   0x000045    program     static C:\projects\PIC\traffic\traffic.asm
               YELLOW1OFF   0x000047    program     static C:\projects\PIC\traffic\traffic.asm
                   RED1ON   0x000049    program     static C:\projects\PIC\traffic\traffic.asm
                  RED1OFF   0x00004b    program     static C:\projects\PIC\traffic\traffic.asm
                 GREEN2ON   0x00004d    program     static C:\projects\PIC\traffic\traffic.asm
                GREEN2OFF   0x00004f    program     static C:\projects\PIC\traffic\traffic.asm
                YELLOW2ON   0x000051    program     static C:\projects\PIC\traffic\traffic.asm
               YELLOW2OFF   0x000053    program     static C:\projects\PIC\traffic\traffic.asm
                   RED2ON   0x000055    program     static C:\projects\PIC\traffic\traffic.asm
                  RED2OFF   0x000057    program     static C:\projects\PIC\traffic\traffic.asm
                 ONEDELAY   0x000059    program     static C:\projects\PIC\traffic\traffic.asm
                 TWODELAY   0x000063    program     static C:\projects\PIC\traffic\traffic.asm
               THREEDELAY   0x000066    program     static C:\projects\PIC\traffic\traffic.asm
                FIVEDELAY   0x000069    program     static C:\projects\PIC\traffic\traffic.asm
                    DELAY   0x00006c    program     static C:\projects\PIC\traffic\traffic.asm
                DELAYLOOP   0x00006f    program     static C:\projects\PIC\traffic\traffic.asm


