HI-TECH Software C Compiler 

Linker command line:

--edf=C:\Program Files (x86)\HI-TECH Software\PICC\9.80\dat\en_msgs.txt -cs \
  -h+lcd.sym -z -Q16F690 -ol.obj -Mlcd.map -E1 -ACONST=00h-0FFhx16 \
  -ACODE=00h-07FFhx2 -ASTRCODE=00h-0FFFh -AENTRY=00h-0FFhx16 \
  -ASTRING=00h-0FFhx16 -ABANK0=020h-06Fh -ABANK1=0A0h-0EFh \
  -ABANK2=0120h-016Fh -ARAM=020h-06Fh,0A0h-0EFh,0120h-016Fh \
  -AABS1=020h-07Fh,0A0h-0EFh,0120h-016Fh -ACOMMON=070h-07Fh -ASFR0=00h-01Fh \
  -ASFR1=080h-09Fh -ASFR2=0100h-011Fh -ASFR3=0180h-01EFh \
  -preset_vec=00h,intentry,init,end_init -ppowerup=CODE -pfunctab=CODE \
  -ACONFIG=02007h-02007h -pconfig=CONFIG -DCONFIG=2 -AIDLOC=02000h-02003h \
  -pidloc=IDLOC -DIDLOC=2 -AEEDATA=00h-0FFh/02100h -peeprom_data=EEDATA \
  -DEEDATA=2 -DCODE=2 -DSTRCODE=2 -DSTRING=2 -DCONST=2 -DENTRY=2 -k \
  startup.obj lcd.obj 

Object code version is 3.10

Machine type is 16F690



                Name                               Link     Load   Length Selector   Space Scale
startup.obj     end_init                              0        0        2        0       0
lcd.obj         config                             2007     2007        1     400E       0
                text110                             75D      75D        E      EBA       0
                text109                             78A      78A       25      F14       0
                maintext                            7AF      7AF       51      F5E       0
                cstackBANK0                          20       20        D       20       1
                cstackCOMMON                         70       70        8       70       1
                inittext                            77A      77A       10      EF4       0
                dataBANK0                            2D       2D        C       20       1
                cinit                               76B      76B        F      ED6       0
                idataBANK0                          751      751        C      EA2       0

TOTAL           Name                               Link     Load   Length     Space
        CLASS   CONST          

        CLASS   CODE           
                end_init                              0        0        2         0
                text110                             75D      75D        E         0
                text109                             78A      78A       25         0
                maintext                            7AF      7AF       51         0
                inittext                            77A      77A       10         0
                cinit                               76B      76B        F         0
                idataBANK0                          751      751        C         0

        CLASS   STRCODE        

        CLASS   ENTRY          

        CLASS   STRING         

        CLASS   BANK0          
                cstackBANK0                          20       20        D         1
                dataBANK0                            2D       2D        C         1

        CLASS   BANK1          

        CLASS   BANK2          

        CLASS   RAM            

        CLASS   ABS1           
                abs_s1                               7E       7E        2         1

        CLASS   COMMON         
                cstackCOMMON                         70       70        8         1

        CLASS   SFR0           

        CLASS   SFR1           

        CLASS   SFR2           

        CLASS   SFR3           

        CLASS   CONFIG         
                config                             2007     2007        1         0

        CLASS   IDLOC          

        CLASS   EEDATA         

        CLASS   BANK3          



SEGMENTS        Name                           Load    Length   Top    Selector   Space  Class     Delta

                reset_vec                      000000  000002  000002         0       0  CODE        2
                cstackBANK0                    000020  000019  000039        20       1  BANK0       1
                cstackCOMMON                   000070  000008  000078        70       1  COMMON      1
                idataBANK0                     000751  00000C  00075D       EA2       0  CODE        2
                text110                        00075D  00000E  00076B       EBA       0  CODE        2
                cinit                          00076B  00000F  00077A       ED6       0  CODE        2
                inittext                       00077A  000010  00078A       EF4       0  CODE        2
                text109                        00078A  000025  0007AF       F14       0  CODE        2
                maintext                       0007AF  000051  000800       F5E       0  CODE        2
                config                         002007  000001  002008      400E       0  CONFIG      2


UNUSED ADDRESS RANGES

        Name                Unused          Largest block    Delta
        BANK0            0039-006F             37           1
        BANK1            00A0-00EF             50           1
        BANK2            0120-016F             50           1
        CODE             0002-0750            74F           2
                         0800-0FFF            800
        COMMON           0078-007D              6           1
        CONST            0002-0750            100           2
                         0800-0FFF            100
        EEDATA           2100-21FF            100           2
        ENTRY            0002-0750            100           2
                         0800-0FFF            100
        IDLOC            2000-2003              4           2
        RAM              0039-006F             37           1
                         00A0-00EF             50
                         0120-016F             50
        SFR0             0000-001F             20           1
        SFR1             0080-009F             20           1
        SFR2             0100-011F             20           1
        SFR3             0180-01EF             70           1
        STRCODE          0002-0750            74F           2
                         0800-0FFF            800
        STRING           0002-0750            100           2
                         0800-0FFF            100

                                  Symbol Table

??_initLCD            cstackCOMMON 0072
??_main               cstackCOMMON 0074
??_pulse              cstackCOMMON 0070
?_initLCD             cstackCOMMON 0070
?_main                cstackCOMMON 0070
?_pulse               cstackCOMMON 0070
_ANSEL                (abs)        011E
_ANSELH               (abs)        011F
_PORTC                (abs)        0007
_RB6                  (abs)        0036
_RB7                  (abs)        0037
_TRISB                (abs)        0086
_TRISC                (abs)        0087
__Habs1               abs1         0000
__Hbank0              bank0        0000
__Hbank1              bank1        0000
__Hbank2              bank2        0000
__Hbank3              bank3        0000
__Hcinit              cinit        0000
__Hclrtext            clrtext      0000
__Hcode               code         0000
__Hcommon             common       0000
__Hconfig             config       2008
__HcstackBANK0        cstackBANK0  0000
__HcstackCOMMON       cstackCOMMON 0000
__HdataBANK0          dataBANK0    0000
__Heeprom_data        eeprom_data  0000
__Hend_init           end_init     0002
__Hfunctab            functab      0000
__HidataBANK0         idataBANK0   0000
__Hidloc              idloc        0000
__Hinit               init         0000
__Hinittext           inittext     0000
__Hintentry           intentry     0000
__Hmaintext           maintext     0000
__Hpowerup            powerup      0000
__Hram                ram          0000
__Hreset_vec          reset_vec    0000
__Hsfr0               sfr0         0000
__Hsfr1               sfr1         0000
__Hsfr2               sfr2         0000
__Hsfr3               sfr3         0000
__Hstrings            strings      0000
__Htext               text         0000
__Labs1               abs1         0000
__Lbank0              bank0        0000
__Lbank1              bank1        0000
__Lbank2              bank2        0000
__Lbank3              bank3        0000
__Lcinit              cinit        0000
__Lclrtext            clrtext      0000
__Lcode               code         0000
__Lcommon             common       0000
__Lconfig             config       2007
__LcstackBANK0        cstackBANK0  0000
__LcstackCOMMON       cstackCOMMON 0000
__LdataBANK0          dataBANK0    0000
__Leeprom_data        eeprom_data  0000
__Lend_init           end_init     0000
__Lfunctab            functab      0000
__LidataBANK0         idataBANK0   0000
__Lidloc              idloc        0000
__Linit               init         0000
__Linittext           inittext     0000
__Lintentry           intentry     0000
__Lmaintext           maintext     0000
__Lpowerup            powerup      0000
__Lram                ram          0000
__Lreset_vec          reset_vec    0000
__Lsfr0               sfr0         0000
__Lsfr1               sfr1         0000
__Lsfr2               sfr2         0000
__Lsfr3               sfr3         0000
__Lstrings            strings      0000
__Ltext               text         0000
__S0                  (abs)        2008
__S1                  (abs)        0078
__S2                  (abs)        0000
__end_of_initLCD      text109      07AF
__end_of_main         maintext     0800
__end_of_pulse        text110      076B
__pcstackBANK0        cstackBANK0  0020
__pcstackCOMMON       cstackCOMMON 0070
__pdataBANK0          dataBANK0    002D
__pidataBANK0         idataBANK0   0751
__pmaintext           maintext     07AF
__ptext109            text109      078A
__ptext110            text110      075D
__ptext111            text111      0000
__size_of_initLCD     (abs)        0000
__size_of_main        (abs)        0000
__size_of_pulse       (abs)        0000
_exit                 init         0000
_initLCD              text109      078A
_main                 maintext     07AF
_pulse                text110      075D
btemp                 (abs)        007E
end_of_initialization cinit        0777
init_fetch            inittext     077A
init_ram              inittext     077E
intlevel0             functab      0000
intlevel1             functab      0000
intlevel2             functab      0000
intlevel3             functab      0000
intlevel4             functab      0000
intlevel5             functab      0000
main@F657             dataBANK0    002D
main@i                cstackBANK0  002C
main@text             cstackBANK0  0020
reset_vec             reset_vec    0000
start                 init         0000
start_initialization  cinit        076B
wtemp0                (abs)        007E
